// Jest Snapshot v1, https://goo.gl/fbAQLP

exports[`Main Phone test should button buy is work 1`] = `
Object {
  "asFragment": [Function],
  "baseElement": <body>
    <div>
      <div
        class="sc-bcXHqe"
      >
        <div
          class="sc-gswNZR dAFeWa"
        >
          <img
            alt="Apple iPhone 11 128GB"
            class="sc-dkrFOg kaJIuH"
            src="./img/Apple_Iphone11_128.jpg"
          />
          <div
            class="phoneName"
          >
            Apple iPhone 11 128GB
          </div>
          <div
            class="phoneName"
          >
            10000
             UAH
          </div>
          <button
            class="sc-hLBbgP hXuYbx"
            title="Buy"
          >
            Buy
          </button>
        </div>
        <div
          class="sc-gswNZR dAFeWa"
        >
          <img
            alt="Apple iPhone 13 128GB"
            class="sc-dkrFOg kaJIuH"
            src="./img/Apple_Iphone13_128.jpg"
          />
          <div
            class="phoneName"
          >
            Apple iPhone 13 128GB
          </div>
          <div
            class="phoneName"
          >
            15000
             UAH
          </div>
          <button
            class="sc-hLBbgP hXuYbx"
            title="Buy"
          >
            Buy
          </button>
        </div>
      </div>
    </div>
  </body>,
  "container": <div>
    <div
      class="sc-bcXHqe"
    >
      <div
        class="sc-gswNZR dAFeWa"
      >
        <img
          alt="Apple iPhone 11 128GB"
          class="sc-dkrFOg kaJIuH"
          src="./img/Apple_Iphone11_128.jpg"
        />
        <div
          class="phoneName"
        >
          Apple iPhone 11 128GB
        </div>
        <div
          class="phoneName"
        >
          10000
           UAH
        </div>
        <button
          class="sc-hLBbgP hXuYbx"
          title="Buy"
        >
          Buy
        </button>
      </div>
      <div
        class="sc-gswNZR dAFeWa"
      >
        <img
          alt="Apple iPhone 13 128GB"
          class="sc-dkrFOg kaJIuH"
          src="./img/Apple_Iphone13_128.jpg"
        />
        <div
          class="phoneName"
        >
          Apple iPhone 13 128GB
        </div>
        <div
          class="phoneName"
        >
          15000
           UAH
        </div>
        <button
          class="sc-hLBbgP hXuYbx"
          title="Buy"
        >
          Buy
        </button>
      </div>
    </div>
  </div>,
  "debug": [Function],
  "findAllByAltText": [Function],
  "findAllByDisplayValue": [Function],
  "findAllByLabelText": [Function],
  "findAllByPlaceholderText": [Function],
  "findAllByRole": [Function],
  "findAllByTestId": [Function],
  "findAllByText": [Function],
  "findAllByTitle": [Function],
  "findByAltText": [Function],
  "findByDisplayValue": [Function],
  "findByLabelText": [Function],
  "findByPlaceholderText": [Function],
  "findByRole": [Function],
  "findByTestId": [Function],
  "findByText": [Function],
  "findByTitle": [Function],
  "getAllByAltText": [Function],
  "getAllByDisplayValue": [Function],
  "getAllByLabelText": [Function],
  "getAllByPlaceholderText": [Function],
  "getAllByRole": [Function],
  "getAllByTestId": [Function],
  "getAllByText": [Function],
  "getAllByTitle": [Function],
  "getByAltText": [Function],
  "getByDisplayValue": [Function],
  "getByLabelText": [Function],
  "getByPlaceholderText": [Function],
  "getByRole": [Function],
  "getByTestId": [Function],
  "getByText": [Function],
  "getByTitle": [Function],
  "queryAllByAltText": [Function],
  "queryAllByDisplayValue": [Function],
  "queryAllByLabelText": [Function],
  "queryAllByPlaceholderText": [Function],
  "queryAllByRole": [Function],
  "queryAllByTestId": [Function],
  "queryAllByText": [Function],
  "queryAllByTitle": [Function],
  "queryByAltText": [Function],
  "queryByDisplayValue": [Function],
  "queryByLabelText": [Function],
  "queryByPlaceholderText": [Function],
  "queryByRole": [Function],
  "queryByTestId": [Function],
  "queryByText": [Function],
  "queryByTitle": [Function],
  "rerender": [Function],
  "unmount": [Function],
}
`;
